---
input_file: tests/fixtures/cli/assets/palindrome.tm
info:
  input: 1001001
  args: [-c, -d, -v]
---
----- stdout -----
[Turing Machine]
States (Q):            {0, accept, accept2, accept3, accept4, cmp, cp, halt_accept, halt_reject, mh, reject, reject2, reject3, reject4, reject5}
Input symbols (Sigma): {0, 1}
Tape symbols (Gamma):  {0, 1, _, a, e, f, l, r, s, t, u}
Start state (q0):      0
Blank symbol (B):      _
Final states (F):      {halt_accept}
Tape number (N):       2
Transitions:
    0 -> cp, 0_ / 0_, HH
    0 -> cp, 1_ / 1_, HH
    0 -> accept, __ / __, HH
    accept -> accept2, __ / t_, RH
    accept2 -> accept3, __ / r_, RH
    accept3 -> accept4, __ / u_, RH
    accept4 -> halt_accept, __ / e_, HH
    cmp -> cmp, 00 / __, RL
    cmp -> reject, 01 / __, RL
    cmp -> reject, 10 / __, RL
    cmp -> cmp, 11 / __, RL
    cmp -> accept, __ / __, HH
    cp -> cp, 0_ / 00, RR
    cp -> cp, 1_ / 11, RR
    cp -> mh, __ / __, LL
    mh -> mh, 00 / 00, LH
    mh -> mh, 01 / 01, LH
    mh -> mh, 10 / 10, LH
    mh -> mh, 11 / 11, LH
    mh -> cmp, _0 / _0, RH
    mh -> cmp, _1 / _1, RH
    reject -> reject, 00 / __, RL
    reject -> reject, 01 / __, RL
    reject -> reject, 10 / __, RL
    reject -> reject, 11 / __, RL
    reject -> reject2, __ / f_, RH
    reject2 -> reject3, __ / a_, RH
    reject3 -> reject4, __ / l_, RH
    reject4 -> reject5, __ / s_, RH
    reject5 -> halt_reject, __ / e_, HH

The TM looks good

----- stderr -----

