---
input_file: tests/fixtures/cli/assets/palindrome.tm
info:
  input: 1001001
  args: [-l, 10, -v]
---
----- stdout -----
Input: 1001001
==================== RUN ====================
Step   : 0
State  : 0
Index0 : 0 1 2 3 4 5 6 
Tape0  : 1 0 0 1 0 0 1 
Head0  : ^
Index1 : 0 
Tape1  : _ 
Head1  : ^
---------------------------------------------
Step   : 1
State  : cp
Index0 : 0 1 2 3 4 5 6 
Tape0  : 1 0 0 1 0 0 1 
Head0  : ^
Index1 : 0 
Tape1  : _ 
Head1  : ^
---------------------------------------------
Step   : 2
State  : cp
Index0 : 0 1 2 3 4 5 6 
Tape0  : 1 0 0 1 0 0 1 
Head0  :   ^
Index1 : 0 1 
Tape1  : 1 _ 
Head1  :   ^
---------------------------------------------
Step   : 3
State  : cp
Index0 : 0 1 2 3 4 5 6 
Tape0  : 1 0 0 1 0 0 1 
Head0  :     ^
Index1 : 0 1 2 
Tape1  : 1 0 _ 
Head1  :     ^
---------------------------------------------
Step   : 4
State  : cp
Index0 : 0 1 2 3 4 5 6 
Tape0  : 1 0 0 1 0 0 1 
Head0  :       ^
Index1 : 0 1 2 3 
Tape1  : 1 0 0 _ 
Head1  :       ^
---------------------------------------------
Step   : 5
State  : cp
Index0 : 0 1 2 3 4 5 6 
Tape0  : 1 0 0 1 0 0 1 
Head0  :         ^
Index1 : 0 1 2 3 4 
Tape1  : 1 0 0 1 _ 
Head1  :         ^
---------------------------------------------
Step   : 6
State  : cp
Index0 : 0 1 2 3 4 5 6 
Tape0  : 1 0 0 1 0 0 1 
Head0  :           ^
Index1 : 0 1 2 3 4 5 
Tape1  : 1 0 0 1 0 _ 
Head1  :           ^
---------------------------------------------
Step   : 7
State  : cp
Index0 : 0 1 2 3 4 5 6 
Tape0  : 1 0 0 1 0 0 1 
Head0  :             ^
Index1 : 0 1 2 3 4 5 6 
Tape1  : 1 0 0 1 0 0 _ 
Head1  :             ^
---------------------------------------------
Step   : 8
State  : cp
Index0 : 0 1 2 3 4 5 6 7 
Tape0  : 1 0 0 1 0 0 1 _ 
Head0  :               ^
Index1 : 0 1 2 3 4 5 6 7 
Tape1  : 1 0 0 1 0 0 1 _ 
Head1  :               ^
---------------------------------------------
Step   : 9
State  : mh
Index0 : 0 1 2 3 4 5 6 
Tape0  : 1 0 0 1 0 0 1 
Head0  :             ^
Index1 : 0 1 2 3 4 5 6 
Tape1  : 1 0 0 1 0 0 1 
Head1  :             ^
---------------------------------------------
Step   : 10
State  : mh
Index0 : 0 1 2 3 4 5 6 
Tape0  : 1 0 0 1 0 0 1 
Head0  :           ^
Index1 : 0 1 2 3 4 5 6 
Tape1  : 1 0 0 1 0 0 1 
Head1  :             ^
---------------------------------------------
Result: 1001001
==================== END ====================

----- stderr -----

