---
input_file: tests/fixtures/cli/assets/undeclared.tm
info:
  args: [-c, -v]
---
----- stdout -----

----- stderr -----
[1;31merror:[0m the TM is erroneous
error: blank symbol `_` is not in the tape alphabet
error: final state `halt_accept` is not in the state set
error: new state `accept` in the transition is not in the state set
error: new state `cp` in the transition is not in the state set
error: old state `0` in the transition is not in the state set
error: start state `` is not in the state set
error: tape symbol `0` in the transition is not in the tape alphabet
error: tape symbol `1` in the transition is not in the tape alphabet
error: tape symbol `_` in the transition is not in the tape alphabet

